// Jest Snapshot v1, https://goo.gl/fbAQLP

exports[`plugin should execute successfully 1`] = `
Object {
  "emitted": true,
  "existsAt": "/home/evilebottnawi/IdeaProjects/robotstxt-webpack-plugin/outputs/robots.txt",
  "size": [Function],
  "source": [Function],
}
`;

exports[`plugin should execute successfully: errors 1`] = `Array []`;

exports[`plugin should execute successfully: warnings 1`] = `Array []`;
